[cdn.jsdelivr.net/gh/ethereum/web3.js@0.20.6/dist/web3.min.js]
[ethergoo.io/apple-touch-icon.png]
[ethergoo.io/favicon-32x32.png]
[ethergoo.io/favicon-16x16.png]
[ethergoo.io/jquery-3.3.1.slim.min.js]
[ethergoo.io/app.js]
[ethergoo.io/map.js]
[ethergoo.io/pointereventspolyfill.js]
[backblue.gif]
[fade.gif]
[index.html]
[ethergoo.io/freekitty/0x263b604509d6a825719859ee458b2d91fb7d330d.html]
[ethergoo.io/splash.png]
[ethergoo.io/sky.png]
[ethergoo.io/balancebutton.png]
[ethergoo.io/inventory.png]
[ethergoo.io/slot.png]
[ethergoo.io/upgradebutton.png]
[ethergoo.io/unitupgradebutton.png]
[ethergoo.io/unitupgradebuttonsmall.png]
[ethergoo.io/unitbox.png]
[ethergoo.io/buttonmiddle.png]
[ethergoo.io/splashbutton.png]
[ethergoo.io/tiles.png]
[ethergoo.io/units/unit1.png]
[ethergoo.io/units/unit2.png]
[ethergoo.io/units/unit3.png]
[ethergoo.io/units/unit4.png]
[ethergoo.io/units/unit5.png]
[ethergoo.io/units/unit6.png]
[ethergoo.io/units/unit20.png]
[ethergoo.io/units/unit21.png]
[ethergoo.io/units/unit22.png]
[ethergoo.io/units/unit23.png]
[ethergoo.io/units/unit24.png]
[ethergoo.io/units/unit25.png]
[ethergoo.io/goofactory.gif]
[ethergoo.io/barracks.gif]
[ethergoo.io/marketplace.png]
[ethergoo.io/clanhq.gif]
[ethergoo.io/colosseum.gif]
[ethergoo.io/premiumfactory.gif]
[ethergoo.io/clanbox.png]
[ethergoo.io/sidebarheader.png]
[ethergoo.io/sidebar.png]
[ethergoo.io/sidebarmiddle.png]
[ethergoo.io/goo.css]
